[backblue.gif]
[fade.gif]
[index.html]
[www.w3schools.com/w3css/4/w3.css]
[www.visualpath.in/devopstutorials/js/jquery-1.11.3.min.js]
[www.visualpath.in/devopstutorials/js/waypoints.js]
[www.visualpath.in/devopstutorials/js/jquery.mobile-1.4.5.min.js]
[www.visualpath.in/devopstutorials/img/devopslogo.png]
[www.visualpath.in/devopstutorials/js/jquery.js]
[www.visualpath.in/devopstutorials/js/slider.js]
[www.visualpath.in/devopstutorials/js/superfish.js]
[www.visualpath.in/devopstutorials/js/keydisable.js]
[www.visualpath.in/devopstutorials/js/keydisable1.js]
[www.visualpath.in/devopstutorials/js/keydisable2.js]
[www.visualpath.in/devopstutorials/js/keydisable3.js]
[www.visualpath.in/devopstutorials/js/keydisable4.js]
[www.visualpath.in/devopstutorials/js/contentNavigation.js]
[www.visualpath.in/devopstutorials/devops.html]
[code.jquery.com/jquery-1.7.2.js]
[www.visualpath.in/devopstutorials/css/jquery.mobile-1.4.5.min.css]
[www.w3schools.com/w3css/4/w3.css]
[www.visualpath.in/devopstutorials/css/reset.css]
[www.visualpath.in/devopstutorials/img/dev4_home.png]
[www.visualpath.in/devopstutorials/css/styles.css]
[www.visualpath.in/devopstutorials/js/blockurl.js]
[maxcdn.bootstrapcdn.com/font-awesome/4.1.0/css/font-awesome.min.css]
[www.visualpath.in/devopstutorials/index.html]
[code.jquery.com/mobile/1.4.5/jquery.mobile-1.4.5.min.js]
[maxcdn.bootstrapcdn.com/font-awesome/4.1.0/css/font-awesome.min.css]
[www.visualpath.in/devopstutorials/index-2.html]
[maxcdn.bootstrapcdn.com/font-awesome/4.3.0/css/font-awesome.min.css]
[maxcdn.bootstrapcdn.com/bootstrap/3.3.2/css/bootstrap.min.css]
[www.visualpath.in/devopstutorials/contact.html]
[maxcdn.bootstrapcdn.com/font-awesome/4.3.0/css/font-awesome.min.css]
[maxcdn.bootstrapcdn.com/bootstrap/3.3.2/css/bootstrap.min.css]
[www.visualpath.in/devopstutorials/contact-2.html]
